../Core/Src/main.c:78:5:main	24	static
../Core/Src/main.c:222:6:SystemClock_Config	96	static
../Core/Src/main.c:262:6:rfm_config	16	static
../Core/Src/main.c:330:6:rfm_select	8	static
../Core/Src/main.c:335:6:rfm_deselect	8	static
../Core/Src/main.c:340:6:rfm_reset	8	static
../Core/Src/main.c:348:6:rfm_write_reg	24	static
../Core/Src/main.c:358:9:rfm_read_reg	32	static
../Core/Src/main.c:374:6:rfm_write_fifo	56	dynamic
../Core/Src/main.c:388:6:rfm_send	16	static
../Core/Src/main.c:406:6:Error_Handler	4	static,ignoring_inline_asm
