../Core/Src/main.c:78:5:main	16	static
../Core/Src/main.c:143:6:SystemClock_Config	96	static
../Core/Src/main.c:183:6:rfm_config	16	static
../Core/Src/main.c:257:6:rfm_select	8	static
../Core/Src/main.c:262:6:rfm_deselect	8	static
../Core/Src/main.c:267:6:rfm_reset	8	static
../Core/Src/main.c:275:6:rfm_write_reg	24	static
../Core/Src/main.c:285:9:rfm_read_reg	32	static
../Core/Src/main.c:301:6:rfm_write_fifo	56	dynamic
../Core/Src/main.c:315:6:rfm_send	16	static
../Core/Src/main.c:333:6:Error_Handler	4	static,ignoring_inline_asm
