../Drivers/CMSIS/Include/core_cm4.h:1679:22:__NVIC_EnableIRQ	16	static,ignoring_inline_asm
../Drivers/CMSIS/Include/core_cm4.h:1770:22:__NVIC_ClearPendingIRQ	16	static
../Drivers/CMSIS/Include/core_cm4.h:1809:22:__NVIC_SetPriority	16	static
../Core/Src/Lab10-11.c:53:6:Setup	4	static
../Core/Src/Lab10-11.c:59:6:PinSetup1	8	static
../Core/Src/Lab10-11.c:70:6:PinSetup2	8	static
../Core/Src/Lab10-11.c:82:6:InterruptSetup	8	static
../Core/Src/Lab10-11.c:93:6:TimerSetup	8	static
../Core/Src/Lab10-11.c:104:6:TimerSetup6	8	static
../Core/Src/Lab10-11.c:114:6:TimerSetup7	8	static
../Core/Src/Lab10-11.c:124:6:PWM_Setup	4	static
../Core/Src/Lab10-11.c:135:6:Debounce	16	static
../Core/Src/Lab10-11.c:139:6:count	8	static
../Core/Src/Lab10-11.c:156:6:setPWM	16	static
../Core/Src/Lab10-11.c:161:6:display	16	static
../Core/Src/Lab10-11.c:166:6:handle_button	8	static
../Core/Src/Lab10-11.c:187:6:keypad	16	static
../Core/Src/Lab10-11.c:270:6:EXTI0_IRQHandler	8	static
../Core/Src/Lab10-11.c:283:6:TIM6_DAC_IRQHandler	8	static
../Core/Src/Lab10-11.c:292:6:ADC_Setup	16	static
../Core/Src/Lab10-11.c:330:14:ADC_Read	4	static
../Core/Src/Lab10-11.c:336:6:FeedbackControl	4	static
../Core/Src/Lab10-11.c:349:6:TIM7_IRQHandler	8	static
../Core/Src/Lab10-11.c:360:5:main	8	static,ignoring_inline_asm
