../Drivers/CMSIS/Include/core_cm4.h:1679:22:__NVIC_EnableIRQ	16	static,ignoring_inline_asm
../Drivers/CMSIS/Include/core_cm4.h:1770:22:__NVIC_ClearPendingIRQ	16	static
../Core/Src/Lab5.c:21:6:Setup	4	static
../Core/Src/Lab5.c:26:6:PinSetup1	8	static
../Core/Src/Lab5.c:35:6:PinSetup2	8	static
../Core/Src/Lab5.c:45:6:InterruptSetup	8	static
../Core/Src/Lab5.c:55:6:Debounce	4	static
../Core/Src/Lab5.c:64:6:delay	4	static
../Core/Src/Lab5.c:72:6:count	16	static
../Core/Src/Lab5.c:87:6:keypad	8	static
../Core/Src/Lab5.c:125:6:display_ButtonValue	4	static
../Core/Src/Lab5.c:130:6:EXTI0_IRQHandler	8	static,ignoring_inline_asm
../Core/Src/Lab5.c:144:5:main	8	static
