../Drivers/CMSIS/Include/core_cm4.h:1679:22:__NVIC_EnableIRQ	16	static,ignoring_inline_asm
../Drivers/CMSIS/Include/core_cm4.h:1770:22:__NVIC_ClearPendingIRQ	16	static
../Drivers/CMSIS/Include/core_cm4.h:1809:22:__NVIC_SetPriority	16	static
../Core/Src/Lab9.c:38:6:Setup	4	static
../Core/Src/Lab9.c:44:6:PinSetup1	8	static
../Core/Src/Lab9.c:55:6:PinSetup2	8	static
../Core/Src/Lab9.c:67:6:InterruptSetup	8	static
../Core/Src/Lab9.c:78:6:TimerSetup	8	static
../Core/Src/Lab9.c:90:6:PWM_Setup	4	static
../Core/Src/Lab9.c:101:6:Debounce	16	static
../Core/Src/Lab9.c:105:6:setPWM	16	static
../Core/Src/Lab9.c:110:6:display	4	static
../Core/Src/Lab9.c:115:6:handle_button	8	static
../Core/Src/Lab9.c:123:6:keypad	16	static
../Core/Src/Lab9.c:206:6:EXTI0_IRQHandler	8	static
../Core/Src/Lab9.c:219:6:ADC_Setup	16	static
../Core/Src/Lab9.c:257:14:ADC_Read	4	static
../Core/Src/Lab9.c:263:5:main	8	static,ignoring_inline_asm
