../Core/Src/motor_control.c:105:6:SystemClock_Config	4
../Core/Src/motor_control.c:147:6:motor_init	10
../Core/Src/motor_control.c:328:6:button_init	1
../Core/Src/motor_control.c:350:6:timer6_init	3
../Core/Src/motor_control.c:381:6:TIM6_DAC_IRQHandler	1
../Core/Src/motor_control.c:388:6:HAL_TIM_PeriodElapsedCallback	2
../Core/Src/motor_control.c:397:10:millis	1
../Core/Src/motor_control.c:404:6:delay_ms	1
../Core/Src/motor_control.c:412:13:read_buttons	1
../Core/Src/motor_control.c:428:6:process_inputs	15
../Core/Src/motor_control.c:482:6:update_motor_speeds	9
../Core/Src/motor_control.c:517:6:motor_stop	1
../Core/Src/motor_control.c:529:6:set_motor_pwm	3
../Core/Src/motor_control.c:572:6:Error_Handler	1
../Core/Src/motor_control.c:588:5:main	1
