../Core/Src/motor_control.c:105:6:SystemClock_Config	96	static
../Core/Src/motor_control.c:147:6:motor_init	128	static
../Core/Src/motor_control.c:328:6:button_init	40	static
../Core/Src/motor_control.c:350:6:timer6_init	16	static
../Core/Src/motor_control.c:381:6:TIM6_DAC_IRQHandler	8	static
../Core/Src/motor_control.c:388:6:HAL_TIM_PeriodElapsedCallback	16	static
../Core/Src/motor_control.c:397:10:millis	4	static
../Core/Src/motor_control.c:404:6:delay_ms	16	static
../Core/Src/motor_control.c:412:13:read_buttons	24	static
../Core/Src/motor_control.c:428:6:process_inputs	24	static
../Core/Src/motor_control.c:482:6:update_motor_speeds	8	static
../Core/Src/motor_control.c:517:6:motor_stop	8	static
../Core/Src/motor_control.c:529:6:set_motor_pwm	32	static
../Core/Src/motor_control.c:572:6:Error_Handler	8	static,ignoring_inline_asm
../Core/Src/motor_control.c:588:5:main	16	static
