../Core/Src/motor_control.c:71:6:motor_init	4	static
../Core/Src/motor_control.c:117:6:button_init	4	static
../Core/Src/motor_control.c:135:6:systick_init	4	static
../Core/Src/motor_control.c:147:6:SysTick_Handler	4	static
../Core/Src/motor_control.c:154:10:millis	4	static
../Core/Src/motor_control.c:161:6:delay_ms	24	static
../Core/Src/motor_control.c:170:13:read_buttons	32	static
../Core/Src/motor_control.c:187:6:process_inputs	24	static
../Core/Src/motor_control.c:241:6:update_motor_speeds	8	static
../Core/Src/motor_control.c:276:6:motor_stop	8	static
../Core/Src/motor_control.c:287:6:set_motor_pwm	16	static
../Core/Src/motor_control.c:312:5:main	24	static
