../Core/Src/main.c:91:5:main	1
../Core/Src/main.c:153:6:SystemClock_Config	4
../Core/Src/main.c:193:6:rfm_config	4
../Core/Src/main.c:279:6:rfm_select	1
../Core/Src/main.c:284:6:rfm_deselect	1
../Core/Src/main.c:289:6:rfm_reset	1
../Core/Src/main.c:297:6:rfm_write_reg	1
../Core/Src/main.c:307:9:rfm_read_reg	1
../Core/Src/main.c:323:9:rfm_check_reg	2
../Core/Src/main.c:331:9:rfm_read_rssi	2
../Core/Src/main.c:338:6:rfm_read_fifo	3
../Core/Src/main.c:360:6:rfm_wait_packet_received	2
../Core/Src/main.c:365:6:motor_left_set_duty	3
../Core/Src/main.c:383:6:motor_right_set_duty	3
../Core/Src/main.c:406:6:Error_Handler	1
