../Core/Src/main.c:93:5:main	16	static
../Core/Src/main.c:155:6:SystemClock_Config	96	static
../Core/Src/main.c:195:6:rfm_config	16	static
../Core/Src/main.c:281:6:rfm_select	8	static
../Core/Src/main.c:286:6:rfm_deselect	8	static
../Core/Src/main.c:291:6:rfm_reset	8	static
../Core/Src/main.c:299:6:rfm_write_reg	24	static
../Core/Src/main.c:309:9:rfm_read_reg	32	static
../Core/Src/main.c:325:9:rfm_check_reg	16	static
../Core/Src/main.c:333:9:rfm_read_rssi	8	static
../Core/Src/main.c:340:6:rfm_read_fifo	88	dynamic
../Core/Src/main.c:362:6:rfm_wait_packet_received	8	static
../Core/Src/main.c:367:6:motor_left_set_duty	24	static
../Core/Src/main.c:385:6:motor_right_set_duty	24	static
../Core/Src/main.c:408:6:Error_Handler	4	static,ignoring_inline_asm
