../Core/Src/main.c:87:5:main	16	static
../Core/Src/main.c:154:6:SystemClock_Config	96	static
../Core/Src/main.c:194:6:rfm_config	16	static
../Core/Src/main.c:286:6:rfm_select	8	static
../Core/Src/main.c:291:6:rfm_deselect	8	static
../Core/Src/main.c:296:6:rfm_reset	8	static
../Core/Src/main.c:304:6:rfm_write_reg	24	static
../Core/Src/main.c:314:9:rfm_read_reg	32	static
../Core/Src/main.c:330:9:rfm_check_reg	16	static
../Core/Src/main.c:338:9:rfm_read_rssi	8	static
../Core/Src/main.c:345:6:rfm_read_fifo	88	dynamic
../Core/Src/main.c:366:6:rfm_wait_payload_ready	8	static
../Core/Src/main.c:371:6:motor_right_set_duty	16	static
../Core/Src/main.c:377:6:motor_left_set_duty	16	static
../Core/Src/main.c:388:6:Error_Handler	4	static,ignoring_inline_asm
